2026-02-11 13:59:45.05 INFO::Writing function arguments to log file
2026-02-11 13:59:45.05 DEBUG::Function arguments
2026-02-11 13:59:45.05 DEBUG::Output folder: metadataBduringafterALLtreat
2026-02-11 13:59:45.05 DEBUG::Formula: ~Survived
2026-02-11 13:59:45.05 DEBUG::Fixed effects:
2026-02-11 13:59:45.05 DEBUG::Reference:
2026-02-11 13:59:45.05 DEBUG::Random effects:
2026-02-11 13:59:45.05 DEBUG::Group effects:
2026-02-11 13:59:45.05 DEBUG::Ordered effects:
2026-02-11 13:59:45.05 DEBUG::Strata effects:
2026-02-11 13:59:45.05 DEBUG::Min Abundance: 0.000000
2026-02-11 13:59:45.05 DEBUG::Min Prevalence: 0.000000
2026-02-11 13:59:45.05 DEBUG::Max Prevalence: 1.010000
2026-02-11 13:59:45.05 DEBUG::Zero Threshold: 0.000000
2026-02-11 13:59:45.05 DEBUG::Min variance: 0.000000
2026-02-11 13:59:45.05 DEBUG::Max significance: 0.100000
2026-02-11 13:59:45.05 DEBUG::Normalization: TSS
2026-02-11 13:59:45.05 DEBUG::Transform: LOG
2026-02-11 13:59:45.06 DEBUG::Correction method: BH
2026-02-11 13:59:45.06 DEBUG::Standardize: TRUE
2026-02-11 13:59:45.06 DEBUG::Abundance median comparison: TRUE
2026-02-11 13:59:45.06 DEBUG::Prevalence median comparison: FALSE
2026-02-11 13:59:45.06 DEBUG::Abundance median comparison threshold: 0
2026-02-11 13:59:45.06 DEBUG::Prevalence median comparison threshold: 0
2026-02-11 13:59:45.06 DEBUG::Subtract median: FALSE
2026-02-11 13:59:45.06 DEBUG::Warn prevalence: TRUE
2026-02-11 13:59:45.06 DEBUG::Small random effects: FALSE
2026-02-11 13:59:45.06 DEBUG::Augment: TRUE
2026-02-11 13:59:45.06 DEBUG::Evaluate only:
2026-02-11 13:59:45.06 DEBUG::Cores: 1
2026-02-11 13:59:45.06 DEBUG::Balanced Summary plot: FALSE
2026-02-11 13:59:45.06 INFO::Verifying options selected are valid
2026-02-11 13:59:45.06 INFO::Determining format of input files
2026-02-11 13:59:45.06 INFO::Input format is data samples as rows and metadata samples as rows
2026-02-11 13:59:45.06 DEBUG::A total of 143 samples were found in both the data and metadata
2026-02-11 13:59:45.06 INFO::The following samples were found to have features but no metadata (or feature specific covariates if applicable). They will be removed. 40_1_1_Stool,40_1_2_ColonWash,40_1_2_Stool,40_10_2_ColonWash,40_11_2_ColonWash,40_12_2_ColonWash,40_13_2_ColonWash,40_2_1_Stool,40_2_2_ColonWash,40_2_2_Stool,40_3_1_CME,40_3_1_ColonWash,40_3_1_Stool,40_3_2_ColonWash,40_4_1_ColonWash,40_4_1_Stool,40_5_1_CME,40_5_1_ColonWash,40_5_1_Stool,40_5_2_CME,40_5_2_ColonWash,40_6_1_CME,40_6_1_ColonWash,40_6_1_Stool,40_6_2_ColonWash,40_7_1_Stool,40_7_2_ColonWash,40_8_1_Stool,40_8_2_Stool,40_9_2_ColonWash,40_9_2_Stool,41_1_1_Stool,41_2_1_Stool,41_3_1_ColonWash,41_3_1_Stool,41_4_1_CME,41_4_1_ColonWash,41_4_1_Stool,41_5_1_ColonWash_250uL,41_5_1_ColonWash_750uL,41_5_1_Stool,41_6_1_ColonWash_250uL,41_6_1_ColonWash_750uL,41_6_1_Stool,41_7_1_Stool,41_8_1_Stool,42_1_1_Cwash,42_1_1_Stool,42_1_2_Stool,42_10_2_Stool,42_11_2_Stool,42_12_2_Stool,42_2_1_Cwash,42_2_1_Stool,42_2_2_Stool,42_3_1_ColonWash,42_3_1_Stool,42_3_2_Stool,42_4_1_Stool,42_4_2_Stool,42_5_1_Stool,42_5_2_Stool,42_6_1_Stool,42_6_2_Stool,42_7_1_Stool,42_7_2_Stool,42_8_1_Stool,42_8_2_Stool,42_9_2_Stool,4A_NP_Stool,4A_RP_Stool,4Adam_Stool,4C_NP_Stool,4C_RP_Stool,4Cdam_Stool,4E_NP_Stool,4E_RP_Stool,4Edam_Stool,5A_NP_Stool,5A_RP_Stool,5C_NP_Stool,5C_RP_Stool,5Cdam_Stool,5E_NP_Stool,5E_RP_Stool,5Edam_Stool,6A_NP_Stool,6A_RP_Stool,6Adam_Stool,6C_NP_Stool,6C_RP_Stool,6Cdam_Stool,6E_NP_Stool,6E_RP_Stool,7A_NP_Stool,7A_RP_Stool,7Bdam_Stool,7C_NP_Stool,7C_RP_Stool,7E_NP_Stool,7E_RP_Stool,7Edam_Stool,85_1_1_Stool,85_1_2_Stool,85_2_1_Stool,85_2_2_Stool,85_3_1_ColonWash,85_3_1_Stool,85_3_2_Stool,85_4_1_CME,85_4_1_Stool,85_4_2_Stool,85_5_1_ColonWash,85_5_1_Stool,85_5_2_Stool,85_6_1_ColonWash,85_6_1_Stool,85_6_2_Stool,85_7_1_Stool,85_7_2_ColonWash,85_7_2_Stool,85_8_1_Stool,87_1_1_Stool,87_2_1_Stool,87_3_1_ColonWash,87_3_1_Stool,87_4_1_ColonWash,87_4_1_Stool,87_5_1_ColonWash,87_5_1_Stool,87_6_1_CME,87_6_1_ColonWash,87_6_1_Stool,87_7_1_Stool,87_8_1_Stool,8A_NP_Stool,8A_RP_Stool,8C_NP_Stool,8C_RP_Stool,8Cdam_Stool,90_1_0_ColonWash_250uL,90_1_0_ColonWash_750uL,90_1_1_Cwash,90_1_1_Stool,90_1_2_Stool,90_2_0_ColonWash_250uL,90_2_0_ColonWash_750uL,90_2_1_Stool,90_2_2_Stool,90_3_1_CME,90_3_1_ColonWash_250uL,90_3_1_Stool,90_3_2_Stool,90_4_1_Stool,90_4_2_Stool,90_5_1_Stool,90_5_2_Stool,90_6_2_Stool,90_Dam_Stool,91_1_1_Stool,91_2_1_Stool,B1,B1-colon,B1-d31,b1-d33,B1-d39,B1-d40,B1-d48,B19,B2-d29,b2-d33,B2-d39,B3,B3-d34,B3-d39,B3-d40,B3-d48,B4-d29,B4-d34,B4-d40,B4-d48,B5-d29,b5-d33,B5-d39,B5-d40,B5-d48,B6-d29,b6-d33,B6-d34,B6-d39,B6-d40,B6-d48,B7-d29,b7-d33,B7-d40,B7-d48,C1,C1-d33,C1-d44,C1-d45,C1-d53,C19,C2-colon,C2-d33,C2-d37,C2-d44,C2-d45,C2-d49,C2-d53,C3,C3-colon,C3-d33,C3-d44,C3-d45,C3-d53,C4-d33,C4-d44,C4-d45,C4-d53,C5-d34,C5-d44,C5-d45,C5-d53,C6-d33,C6-d37,C6-d44,C6-d49,C6-d53,C7-d33,C7-d38,C7-d44,C7-d45,C7-d53,C8-d35,C8-d38,C8-d44,C8-d45,C8-d53,CONV_MERO1_COLON,CONV_MERO1_D0,CONV_MERO1_D1,CONV_MERO1_D3,CONV_MERO2_COLON,CONV_MERO2_D0,CONV_MERO2_D3,CONV_MERO3_COLON,CONV_MERO3_D1,CONV_MERO3_D3,CONV_MERO4_COLON,CONV_MERO4_D0,CONV_MERO4_D1,CONV_MERO4_D3,CONV_PBS1_COLON,CONV_PBS1_D0,CONV_PBS1_D3,CONV_PBS2_COLON,CONV_PBS2_D1,CONV_PBS2_D3,CONV_PBS3_COLON,CONV_PBS3_D1,CONV_PBS4_COLON,CONV_PBS4_D0,CONV_PBS4_D1,CONV_PBS4_D3,DJS40_Inoc,DJS41_Inoc,DJS42_Inoc,DJS85_Inoc,DJS87_Inoc,DJS90_Inoc,DJS91_Inoc,GF1_A10,GF1_B_mom_d32,GF1_B10,GF1_B14,GF1_B17,GF1_B25,GF1_B3_d38,GF1_B5_D38,GF1_B6_d38,GF1_B7_D38,GF1_C_mom_d32,GF1_C10,GF1_C14,GF1_C17,GF1_C25,GF1_C4_d39,GF1_C6_d39,GF1_C7_d39,GF1_INOC_GF1,GF10_A_DAM_D0,GF10_A1_COLON_D35,GF10_A1_d101,GF10_A1_d104_colon,GF10_A1_d127_colon,GF10_A1_D32,GF10_A1_D34,GF10_A1_d77,GF10_A1_d79,GF10_A1_d80_colon,GF10_A2_COLON_D35,GF10_A2_d101,GF10_A2_d103,GF10_A2_d104_colon,GF10_A2_d127_colon,GF10_A2_D32,GF10_A2_D33,GF10_A2_D34,GF10_A2_d77,GF10_A2_d79,GF10_A3_COLON_D35,GF10_A3_d104_colon,GF10_A3_D33,GF10_A3_D34,GF10_A3_d79,GF10_A3_d80_colon,GF10_A4_d101,GF10_A4_d104_colon,GF10_A4_d77,GF10_A5_d101,GF10_A5_d104_colon,GF10_A5_d127_colon,GF10_A56_d101,GF10_A6_d102,GF10_A6_d103,GF10_A6_d104_colon,GF10_A7_d103,GF10_A7_d104_colon,GF10_A7_d127_colon,GF10_A8_d102,GF10_A8_d104_colon,GF10_Adam_d1,GF10_Adam_d20,GF10_C1_COLON_D55,GF10_C1_d55,GF10_C1_d77,GF10_C10_COLON_D55,GF10_C2_COLON_D35,GF10_C2_COLON_D55,GF10_C2_d101,GF10_C2_d103,GF10_C2_d104_colon,GF10_C2_D32,GF10_C2_D33,GF10_C2_D34,GF10_C2_d55,GF10_C2_d77,GF10_C2_d80_colon,GF10_C3_COLON_D35,GF10_C3_d101,GF10_C3_D33,GF10_C3_d55,GF10_C3_d78,GF10_C4_COLON_D55,GF10_C4_d102_colon,GF10_C4_d55,GF10_C4_d77,GF10_C4_d80_colon,GF10_C5_COLON_D55,GF10_C5_d101,GF10_C5_d55,GF10_C5_d77,GF10_C6_COLON_D55,GF10_C6_d101,GF10_C6_d55,GF10_C7_COLON_D55,GF10_C8_COLON_D55,GF10_C8_d101,GF10_C8_d103,GF10_C8_d55,GF10_C9_COLON_D55,GF10_Cdam_d0,GF10_Cdam_d1,GF10_Cdam_d20,GF10_INOC,GF11_A_DAM_D0,GF11_A1_COLON_D38,GF11_A1_D35,GF11_A1_D37,GF11_A2_COLON_D38,GF11_A2_D35,GF11_A2_D36,GF11_A3_D36,GF11_A4_COLON_D38,GF11_A4_D37,GF11_A5_D35,GF11_B_dam_d111,GF11_B_dam_d20,GF11_B_dam_d7,GF11_B1_COLON_D38,GF11_B1_d105_colon,GF11_B1_D36,GF11_B1_d71,GF11_B2_COLON_D38,GF11_B2_d105_colon,GF11_B2_D36,GF11_B2_d71,GF11_B3_COLON_D38,GF11_B3_d105_colon,GF11_B3_D35,GF11_B3_D37,GF11_B3_d71,GF11_B4_COLON_D38,GF11_B4_d105_colon,GF11_B4_D35,GF11_B4_D37,GF11_B4_d74_colon,GF11_B5_COLON_D38,GF11_B5_d105_colon,GF11_B5_D35,GF11_B5_D37,GF11_B5_d71,GF11_B6_d105_colon,GF11_B6_d71,GF11_B7_d105_colon,GF11_B7_d71,GF11_B7_d73,GF11_B8_d105_colon,GF11_C1_COLON_D38,GF11_C1_D36,GF11_C1_d71,GF11_C2_D37,GF11_C2_d71,GF11_C3_COLON_D38,GF11_C3_D35,GF11_C3_D36,GF11_C3_d71,GF11_C4_COLON_D38,GF11_C4_D35,GF11_C4_D36,GF11_C5_D37,GF11_C5_d71,GF11_C6_d71,GF11_C7_d71,GF11_INOC,GF12_A_dam_d21,GF12_A_Dam_d85,GF12_A1_d31,GF12_A1_d76_colon,GF12_A2_d32,GF12_A2_d34_colon,GF12_A2_d76_colon,GF12_A3_d31,GF12_A3_d76_colon,GF12_A4_d31,GF12_A4_d32,GF12_A4_d34_colon,GF12_A4_d76_colon,GF12_A5_d34_colon,GF12_A5_d76_colon,GF12_A6_d76_colon,GF12_A7_d76_colon,GF12_A8_d76_colon,GF12_B1_d79,GF12_B2_d32,GF12_B2_d79,GF12_B2_d81,GF12_B2_d82_colon,GF12_B3_d31,GF12_B3_d80,GF12_B4_d31,GF12_B4_d79,GF12_B5_d79,GF12_C1_d79,GF12_C1_d82_colon,GF12_C2_d31,GF12_C2_d79,GF12_C3_d31,GF12_C3_d79,GF12_C3_d80_colon,GF12_C4_d31,GF12_C5_d79,GF12_Inoc,GF13_A1_d32,GF13_A1_d34,GF13_A1_d65_colon,GF13_A10_d65_colon,GF13_A2_d32,GF13_A2_d65_colon,GF13_A3_d32,GF13_A3_d65_colon,GF13_A4_d32,GF13_A4_d65_colon,GF13_A5_d32,GF13_A5_d65_colon,GF13_A6_d32,GF13_A6_d34,GF13_A6_d65_colon,GF13_A7_d65_colon,GF13_A8_d65_colon,GF13_A9_d65_colon,GF13_B1_d32,GF13_B1_d65_colon,GF13_B2_d32,GF13_B2_d35_colon,GF13_B3_d32,GF13_B3_d34,GF13_B3_d35_colon,GF13_B3_d65_colon,GF13_B4_d32,GF13_B4_d35_colon,GF13_B5_d32,GF13_B5_d35_colon,GF13_B5_d65_colon,GF13_B8_d65_colon,GF13_B9_d65_colon,GF13_inoc_200118,GF14_A_d66_stool,GF14_A_Dam_d21,GF14_A1_d32,GF14_A1_d35_colon,GF14_A1_d94_stool,GF14_A1_d95_stool,GF14_a1_d97_colon,GF14_A2_d32,GF14_A2_d33,GF14_A2_d35_colon,GF14_A2_d94_stool,GF14_A2_d96_16_stool,GF14_a2_d97_colon,GF14_A3_d32,GF14_A3_d35_colon,GF14_a3_d97_colon,GF14_A4_d32,GF14_A4_d33,GF14_A4_d34,GF14_A4_d35_colon,GF14_A4_d94_stool,GF14_A4_d95_stool,GF14_a4_d97_colon,GF14_A5_d32,GF14_A5_d35_colon,GF14_A5_d94_stool,GF14_A5_d96_16_stool,GF14_A5_d96_stool,GF14_a5_d97_colon,GF14_A6_d34_colon,GF14_A6_d94_stool,GF14_A6_d95_stool,GF14_A6_d96_16_stool,GF14_a6_d97_colon,GF14_A7_d32,GF14_A7_d34,GF14_A7_d35_colon,GF14_A7_d94_stool,GF14_A7_d95_stool,GF14_a7_d97_colon,GF14_A8_d94_stool,GF14_A8_d96_16_stool,GF14_A8_d96_stool,GF14_a8_d97_colon,GF14_Adam_d18_stool,GF14_Adam_d5_stool,GF14_Adam_d51_stool,GF14_Adam_d59_stool,GF14_Adam_d78_stool,GF14_Adam_d9_stool,GF14_B_d66_stool,GF14_B_d78_stool,GF14_b1_d95_colon,GF14_b2_d95_colon,GF14_b3_d95_colon,GF14_Bdam_d18_stool,GF14_Bdam_d5_stool,GF14_Bdam_d51_stool,GF14_Bdam_d59_stool,GF14_Bdam_d9_stool,GF14_C_d66_stool,GF14_c_d78_stool,GF14_c1_d130_colon,GF14_c2_d130_colon,GF14_c3_d130_colon,GF14_Cdam_d18_stool,GF14_cdam_d5_stool,GF14_Cdam_d51_stool,GF14_Cdam_d59_stool,GF14_Cdam_d9_stool,GF14_d67_A1_stool,GF14_d67_A3_stool,GF14_d67_A4_stool,GF14_d67_A5_stool,GF14_d67_A6_stool,GF14_d67_A7_stool,GF14_d67_A8_stool,GF14_d67_A9_stool,GF14_d68_A1_colon,GF14_d68_A10_colon,GF14_d68_A2_colon,GF14_d68_A3_colon,GF14_d68_A4_colon,GF14_d68_A5_colon,GF14_d68_A6_colon,GF14_d68_A7_colon,GF14_d68_A8_colon,GF14_d68_A9_colon,GF14_d89_B1_stool,GF14_d89_B2_stool,GF14_d89_B3_stool,GF14_d90_B2_stool,GF14_d90_B3_stool,GF14_d91_B2_stool,GF14_INOC,GF15_A_Dam_d21,GF15_a1_d106_stool,GF15_A1_d108_colon,GF15_A1_d35_colon,GF15_A1_d72_stool,GF15_a2_d105_stool,GF15_a2_d106_stool,GF15_A2_d108_colon,GF15_A2_d32,GF15_a3_d105_stool,GF15_A3_d108_colon,GF15_A3_d32,GF15_A3_d35_colon,GF15_a4_d105_stool,GF15_A4_d108_colon,GF15_A4_d32,GF15_a5_d105_stool,GF15_A5_d108_colon,GF15_A5_d32,GF15_A5_d35_colon,GF15_a6_d105_stool,GF15_A6_d108_colon,GF15_A6_d32_colon,GF15_A7_d108_colon,GF15_a7_d74_colon,GF15_a8_d105_stool,GF15_A8_d108_colon,GF15_a9_d105_stool,GF15_a9_d106_stool,GF15_A9_d108_colon,GF15_adam_d11_stool,GF15_adam_d18_stool,GF15_Adam_d5_stool,GF15_b_d5_stool,GF15_B1_d32,GF15_B1_d35_colon,GF15_B1_d94_stool,GF15_b1_d97_colon,GF15_b10_d94_stool,GF15_B10_d97_colon,GF15_B2_d32,GF15_B2_d33,GF15_B2_d35_colon,GF15_b2_d94_stool,GF15_b2_d95_stool,GF15_b2_d97_colon,GF15_B3_d34,GF15_B3_d35_colon,GF15_b3_d94_stool,GF15_b3_d97_colon,GF15_b4_d106_stool,GF15_B4_d32,GF15_B4_d33,GF15_B4_d34,GF15_B4_d35_colon,GF15_b4_d96_stool,GF15_b4_d97_colon,GF15_b5_d107_stool,GF15_B5_d32,GF15_B5_d35_colon,GF15_b5_d94_stool,GF15_b5_d95_stool,GF15_b5_d97_colon,GF15_B6_d32,GF15_B6_d34_colon,GF15_b6_d94_stool,GF15_b6_d95_stool,GF15_b6_d97_colon,GF15_B7_d32,GF15_B7_d35_colon,GF15_b7_d97_colon,GF15_b8_d94_stool,GF15_b8_d97_colon,GF15_b9_d106_stool,GF15_b9_d94_stool,GF15_B9_d97_colon,GF15_bdam_d18_stool,GF15_c_d18_stool,GF15_c1_d105_stool,GF15_c1_d108_colon,GF15_C1_d36,GF15_C1_d37,GF15_C1_d39_colon,GF15_c1_d74_colon,GF15_c2_d105_stool,GF15_c2_d108_colon,GF15_C2_d36,GF15_C2_d37,GF15_C2_d39_colon,GF15_c2_d73_16_stool,GF15_c2_d74_colon,GF15_c3_d108_colon,GF15_C3_d36,GF15_C3_d39_colon,GF15_c4_d105_stool,GF15_c4_d108_colon,GF15_C4_d36,GF15_C4_d37,GF15_C4_d38,GF15_C4_d39_colon,GF15_c4_d73_stool,GF15_c4_d74_colon,GF15_c5_d105_stool,GF15_c5_d108_colon,GF15_C5_d36,GF15_C5_d37,GF15_C5_d39_colon,GF15_c5_d71_stool,GF15_c5_d74_colon,GF15_c6_d105_stool,GF15_c6_d108_colon,GF15_C6_d36,GF15_C6_d39_colon,GF15_c6_d71_stool,GF15_C6_d72_stool,GF15_c6_d74_colon,GF15_c7_d105_stool,GF15_c7_d108_colon,GF15_c7_d72_stool,GF15_c7_d74_colon,GF15_c8_d108_colon,GF15_c8_d74_colon,GF15_c9_d108_colon,GF15_cdam_d11_stool,GF15_cdam_d23_stool,GF15_cdam_d5_stool,GF15_cdam_d59_stool,GF15_d67_B1_stool,GF15_d67_B2_stool,GF15_d67_B3_stool,GF15_d67_B4_stool,GF15_d67_B5_stool,GF15_d67_B6_stool,GF15_d67_B7_stool,GF15_d67_B8_stool,GF15_d68_B1_colon,GF15_d68_B2_stool,GF15_d68_B5_colon,GF15_d68_B8_stool,GF15_d69_B2_stool,GF15_d69_B9_stool,GF15_d70_B2_colon,GF15_d70_B4_colon,GF15_d70_B6_colon,GF15_d70_B7_colon,GF15_d70_B8_colon,GF15_d70_B9_colon,GF15_d71_A1_stool,GF15_d71_A3_stool,GF15_d71_A4_stool,GF15_d71_A5_stool,GF15_d71_A6_stool,GF15_d71_A7_stool,GF15_d71_A8_stool,GF15_d71_C2_stool,GF15_d71_C3_stool,GF15_d71_C4_stool,GF15_INOC,GF16_A1_d32,GF16_A1_d35_colon,GF16_A2_d32,GF16_A2_d35_colon,GF16_A3_d32,GF16_A3_d34,GF16_A3_d35_colon,GF16_a4_d100_stool,GF16_A4_d32,GF16_A5_d32,GF16_A6_d32,GF16_A6_d33,GF16_A6_d35_colon,GF16_A7_d32,GF16_A7_d34,GF16_Adam_d21,GF16_B1_d32,GF16_B2_d32,GF16_B2_d34,GF16_B5_d32,GF16_B5_d33_colon,GF16_B6_d32,GF16_c1_d105_stool,GF16_C1_d34,GF16_C1_d35_colon,GF16_c1_d67_stool,GF16_c1_d69_stool,GF16_c10_d105_stool,GF16_c10_d106_stool,GF16_c2_d105_stool,GF16_C2_d32,GF16_C2_d35_colon,GF16_c2_d67_stool,GF16_c2_d68_stool,GF16_c2_d69_stool,GF16_c3_d105_stool,GF16_C3_d32,GF16_C3_d33,GF16_C3_d35_colon,GF16_c3_d67_stool,GF16_c4_d105_stool,GF16_C4_d33,GF16_C4_d34,GF16_C4_d35_colon,GF16_c4_d67_stool,GF16_c4_d69_stool,GF16_c5_d105_stool,GF16_C5_d32,GF16_C5_d35_colon,GF16_c5_d67_stool,GF16_c5_d68_stool,GF16_c6_d105_stool,GF16_c7_d105_stool,GF16_inoc_200622,GF17_a1_d31_stool,GF17_a2_d31_stool,GF17_a3_d31_stool,GF17_a4_d31_stool,GF17_a5_d31_stool,GF17_a6_d31_stool,GF17_a7_d31_stool,GF17_b2_d31_stool,GF17_b3_d31_stool,GF17_b6_d31_stool,GF17_inoc_200903,GF18_a1_d32_stool,GF18_a1_d33_stool,GF18_a1_d35_colon,GF18_a2_d33_stool,GF18_a2_d35_colon,GF18_a2_d54_colon,GF18_a3_d35_colon,GF18_a3_d54_colon,GF18_a4_d32_stool,GF18_a4_d33_stool,GF18_a4_d35_colon,GF18_a4_d54_colon,GF18_a5_d54_colon,GF18_adam_d33_stoolsoln,GF18_b3_d32_stool,GF18_b3_d33_stool,GF18_b3_d35_colon,GF18_b4_d32_stool,GF18_b4_d35_colon,GF18_bdam_d33_stoolsoln,GF18_d0_innoculum,GF20_d0_inoc,GF20_d127_a1,GF20_d127_a5,GF20_d161_b2,GF20_d161_b4,GF20_d161_b6,GF20_d161_b8,GF20_d164_b9,GF20_d167_damb,GF20_d33_a3,GF20_d33_a4,GF20_d33_a5,GF20_d33_b2,GF20_d33_b3,GF20_d33_b4,GF20_d36_a1,GF20_d39_dama,GF20_d39_damc,GF20_d40_c3,GF20_d40_c5,GF20_d40_c6,GF20_d66_c1,GF20_d66_c10,GF20_d66_c2,GF20_d66_c3,GF20_d66_c4,GF20_d66_c5,GF20_d66_c6,GF20_d66_c7,GF20_d66_c8,GF20_d66_c9,GF20_d68_b2,GF20_d68_b3,GF20_d68_b4,GF20_d68_b5,GF20_d68_b6,GF20_d68_b7,GF20_d68_b8,GF20_d75_dama,GF20_d75_damc,GF20_d81_a1,GF20_d81_a2,GF20_d81_a3,GF20_d81_a4,GF20_d81_a5,GF20_d81_a6,GF20_d81_a7,GF20_d89_b3,GF20_d89_b5,GF21_B3_d91_stool,GF21_B4_d91_stool,GF21_B6_d93_stool,GF21_B7_d94_stool,GF21_B9_d93_stool,GF21_C1_d116_stool,GF21_C1_d91_stool,GF21_C2_d115_stool,GF21_C2_d118_cwash,GF21_C2_d91_stool,GF21_C3_d116_stool,GF21_C3_d117_stool,GF21_C3_d118_cwash,GF21_C3_d91_stool,GF21_C4_d118_cwash,GF21_C5_d117_stool,GF21_C5_d93_stool,GF21_C7_d115_stool,GF21_C7_d118_cwash,GF21_C8_d115_stool,GF21_C9_d94_stool,GF21_Cdam_d113_stool,GF21_d0_Adam_Stool,GF21_d0_INOC_INOC,GF21_d1_Bdam_Stool,GF21_d115_C1_Stool,GF21_d115_C3_Stool,GF21_d115_C5_Stool,GF21_d35_A1_cwash,GF21_d35_A2_cwash,GF21_d35_A3_cwash,GF21_d35_A4_cwash,GF21_d35_A5_cwash,GF21_d35_A6_cwash,GF21_d35_A7_cwash,GF21_d35_B1_cwash,GF21_d35_B2_cwash,GF21_d35_B3_cwash,GF21_d35_B4_cwash,GF21_d35_B5_cwash,GF21_d35_B6_cwash,GF21_d35_B7_cwash,GF21_d35_B8_cwash,GF21_d36_Bdam_Stool,GF21_d58_A1_cwash,GF21_d58_A10_cwash,GF21_d58_A2_cwash,GF21_d58_A3_cwash,GF21_d58_A4_cwash,GF21_d58_A5_cwash,GF21_d58_A6_cwash,GF21_d58_A7_cwash,GF21_d58_A8_cwash,GF21_d58_A9_cwash,GF21_d58_B1_cwash,GF21_d58_B2_cwash,GF21_d58_B3_cwash,GF21_d58_B4_cwash,GF21_d58_B5_cwash,GF21_d58_B6_cwash,GF21_d58_B7_cwash,GF21_d58_B8_cwash,GF21_d58_B9_cwash,GF21_d62_Bdam_Stool,GF21_d66_C1_cwash,GF21_d66_C2_cwash,GF21_d66_C3_cwash,GF21_d66_C4_cwash,GF21_d66_C5_cwash,GF21_d66_C6_cwash,GF21_d66_C7_cwash,GF21_d82_A10_Stool,GF21_d82_A2_Stool,GF21_d82_A7_Stool,GF21_d83_A4_Stool,GF21_d83_A5_Stool,GF21_d83_A8_Stool,GF21_d84_A7_Stool,GF21_d85_A1_cwash,GF21_d85_A3_cwash,GF21_d85_A4_cwash,GF21_d85_A5_cwash,GF21_d85_A6_cwash,GF21_d85_A7_cwash,GF21_d85_A8_cwash,GF21_d91_B1_Stool,GF21_d91_B2_Stool,GF21_d93_B2_Stool,GF21_d93_B4_Stool,GF21_d93_B7_Stool,GF21_d93_B8_Stool,GF21_d93_C1_Stool,GF21_d93_C10_cwash,GF21_d93_C2_Stool,GF21_d93_C3_Stool,GF21_d93_C4_Stool,GF21_d93_C9_Stool,GF21_d94_B2_Stool,GF21_d95_B1_cwash,GF21_d95_B2_cwash,GF21_d95_B3_cwash,GF21_d95_B4_cwash,GF21_d95_B6_cwash,GF21_d95_B7_cwash,GF21_d95_B9_cwash,GF21_d95_C1_cwash,GF21_d95_C2_cwash,GF21_d95_C3_cwash,GF21_d95_C4_cwash,GF21_d95_C5_cwash,GF21_d95_C8_cwash,GF21_d95_C9_cwash,GF23_d0_inoc,GF23_d10_dama,GF23_d10_damb,GF23_d17_dama,GF23_d17_damb,GF23_d17_damc,GF23_d19_dama,GF23_d32_damb,GF23_d35_c1,GF23_d36_c1,GF23_d36_c2,GF23_d36_c3,GF23_d36_c4,GF23_d39_damb,GF23_d47_dama,GF23_d47_damb,GF23_d47_damc,GF23_d52_a1,GF23_d52_a2,GF23_d52_a5,GF23_d52_a6,GF23_d52_a8,GF23_d52_a9,GF23_d54_damc,GF23_d56_c2,GF23_d56_c3,GF23_d56_c6,GF23_d57_c2,GF23_d57_c4,GF23_d57_c5,GF23_d58_c3,GF23_d59_c1,GF23_d59_c2,GF23_d59_c4,GF23_d59_c6,GF23_d62_dama,GF23_d62_damb,GF23_d62_damc,GF23_d7_damb,GF23_d7_damc,GF23_d77_damb,GF23_d80_c3,GF23_d80_c7,GF23_d84_c1,GF23_d84_c2,GF23_d84_c3,GF23_d84_c4,GF23_d84_c5,GF23_d84_c9,GF23_d89_damb,GF23_d89_damc,GF23_damA_32_stool,GF23_damC_10_stool,GF23_damC_32_stool,GF24_A1_36_stool,GF24_A1_39_cwash,GF24_A1_d108_cwash,GF24_A1_d131_cwash,GF24_A1_d73_stool,GF24_A1_d74_cwash,GF24_A10_d131_cwash,GF24_A2_36_stool,GF24_A2_39_cwash,GF24_A2_d108_cwash,GF24_A2_d131_cwash,GF24_A2_d73_stool,GF24_A3_37_stool,GF24_A3_38_stool,GF24_A3_39_cwash,GF24_A3_d108_cwash,GF24_A3_d131_cwash,GF24_A4_38_stool,GF24_A4_39_cwash,GF24_A4_d108_cwash,GF24_A4_d131_cwash,GF24_A4_d74_cwash,GF24_A5_d108_cwash,GF24_A5_d131_cwash,GF24_A5_d74_cwash,GF24_A6_36_stool,GF24_A6_39_cwash,GF24_A6_d108_cwash,GF24_A6_d131_cwash,GF24_A6_d74_cwash,GF24_A7_36_stool,GF24_A7_37_stool,GF24_A7_39_cwash,GF24_A7_d108_cwash,GF24_A7_d131_cwash,GF24_A7_d74_cwash,GF24_A8_d108_cwash,GF24_A8_d131_cwash,GF24_A9_d108_cwash,GF24_A9_d131_cwash,GF24_Adam_d100_stool,GF24_B1_33_cwash,GF24_B1_64_cwash,GF24_B2_33_cwash,GF24_B2_64_cwash,GF24_B2_d74_cwash,GF24_B3_33_cwash,GF24_B3_64_cwash,GF24_B3_d74_cwash,GF24_B4_33_cwash,GF24_B4_d73_stool,GF24_B4_d74_cwash,GF24_B5_33_cwash,GF24_B6_33_cwash,GF24_B7_33_cwash,GF24_Bdam_d114_stool,GF24_C1_37_stool,GF24_C1_39_cwash,GF24_C1_d108_cwash,GF24_C1_d129_cwash,GF24_C10_d86_cwash,GF24_C2_39_cwash,GF24_C2_d108_cwash,GF24_C2_d129_cwash,GF24_C2_d86_cwash,GF24_C3_37_stool,GF24_C3_38_cwash,GF24_C3_d108_cwash,GF24_C3_d129_cwash,GF24_C3_d85_stool,GF24_C3_d86_cwash,GF24_C4_37_stool,GF24_C4_38_cwash,GF24_C4_38_stool,GF24_C4_d108_cwash,GF24_C4_d129_cwash,GF24_C4_d86_cwash,GF24_C5_36_stool,GF24_C5_38_stool,GF24_C5_d108_cwash,GF24_C5_d129_cwash,GF24_C5_d85_stool,GF24_C5_d86_cwash,GF24_C6_36_stool,GF24_C6_37_stool,GF24_C6_38_stool,GF24_C6_d108_cwash,GF24_C6_d129_cwash,GF24_C6_d85_stool,GF24_C6_d86_cwash,GF24_C7_d108_cwash,GF24_C7_d129_cwash,GF24_C7_d85_stool,GF24_C7_d86_cwash,GF24_C8_d108_cwash,GF24_C8_d85_stool,GF24_C8_d86_cwash,GF24_C9_d108_cwash,GF24_C9_d85_stool,GF24_C9_d86_cwash,GF24_Cdam_d108_stool,GF24_damA_18_stool,GF24_damA_3_stool,GF24_damA_8_stool,GF24_damB_3_stool,GF24_damB_8_stool,GF24_damC_3_stool,GF24_damC_30_stool,GF24_damC_51_stool,GF24_Inoc_0,GF26_A1_d101_cwash,GF26_A1_d65_cwash,GF26_A2_d101_cwash,GF26_A2_d149_cwash,GF26_A3_d101_cwash,GF26_A3_d149_cwash,GF26_A4_d101_cwash,GF26_A4_d146_stool,GF26_A4_d147_stool,GF26_A4_d148_stool,GF26_A4_d65_cwash,GF26_A5_d101_cwash,GF26_A7_d65_cwash,GF26_A9_d149_cwash,GF26_Adam_d148_stool,GF26_Adam_d98_stool,GF26_Bdam_d133_stool,GF26_Bdam_d85_stool,GF26_Bdam_d91_stool,GF26_Cdam_d98_stool,GF27_A1_211118_cwash,GF27_A1_d33_cwash,GF27_A2_211118_cwash,GF27_A2_d33_cwash,GF27_A3_211118_cwash,GF27_A3_d33_cwash,GF27_A4_211118_cwash,GF27_A5_211118_cwash,GF27_A6_211118_cwash,GF27_A6_d33_cwash,GF27_A7_211118_cwash,GF27_A7_d33_cwash,GF27_A8_211118_cwash,GF27_A8_d33_cwash,GF27_GF27_Inoc,GF29_Inoc,GF4_B1_D35,GF4_B1_d37,GF4_B2_d35,GF4_B2_d36,GF4_B3_d35,GF4_B3_d42,GF4_B3_d43,GF4_B3_d44,GF4_B3_d46,GF4_B3_LI,GF4_B3_SI,GF4_B4_d35,GF4_B5_d35,GF4_Bdam_d10,GF4_Bsire_d10,GF4_Bsire_d2,GF4_C1_d43,GF4_C1_d46,GF4_C1_LI,GF4_C1_SI,GF4_C2_d35,GF4_C2_d43,GF4_C2_d45,GF4_C2_d46,GF4_C2_LI,GF4_C2_SI,GF4_C3_d35,GF4_C3_d42,GF4_C3_d43,GF4_C3_d44,GF4_C3_d45,GF4_C3_d46,GF4_C3_LI,GF4_C3_SI,GF4_C4_d35,GF4_C5_d43,GF4_C5_d45,GF4_C5_d46,GF4_C5_LI,GF4_C5_SI,GF4_Cdam_d16,GF4_Csire_d16,GF4_Csire_d2,GF4_INOC_GF45,GF5_A_DAM_D0,GF5_A_DAM_D24,GF5_A1_COLON_190815,GF5_A1_D46,GF5_A1_D79,GF5_A1_D88,GF5_A2_D46,GF5_A2_D79,GF5_A2_D80,GF5_A3_D46,GF5_A4_D46,GF5_A4_D48,GF5_A5_D46,GF5_A5_D79,GF5_A5_D80,GF5_A7_COLON_190815,GF5_A7_D46,GF5_A7_D79,GF5_A7_D84,GF5_A7_D87,GF5_A8_COLON_190815,GF5_A8_D79,GF5_A8_D87,GF5_B_COLON_M1,GF5_B_COLON_M2,GF5_B_COLON_P1,GF5_B_DAM_D3,GF5_B1_COLON_190815,GF5_B1_D83,GF5_B1_D84,GF5_B2_D79,GF5_B2_D80,GF5_B3_COLON_190815,GF5_B3_D79,GF5_B4_D79,GF5_B5_D79,GF5_B5_D80,GF5_B6_COLON_190815,GF5_B6_D79,GF5_B6_D84,GF5_B7_COLON_190815,GF5_B7_D79,GF5_C_DAM_D24,GF5_C_DAM_D3,GF5_C1_COLON_190815,GF5_C1_D46,GF5_C2_COLON_190815,GF5_C2_D46,GF5_C3_COLON_190815,GF5_C3_D46,GF5_C4_D46,GF5_C6_D46,GF5_COLON_A1,GF5_COLON_A2,GF6_A1_D87,GF6_A2_COLON_D105,GF6_A2_D51,GF6_A2_D52,GF6_A2_D87,GF6_A2_D93,GF6_A3_COLON_D54,GF6_A3_D51,GF6_A3_D87,GF6_A4_COLON_D105,GF6_A4_D51,GF6_A4_D93,GF6_A5_COLON_D105,GF6_A5_D51,GF6_A5_D87,GF6_A6_COLON_D105,GF6_A6_D87,GF6_A7_D87,GF6_A8_COLON_D105,GF6_A8_D51,GF6_A8_D93,GF6_ADAM_D0,GF6_ASIRE_D57,GF6_B_DAM_D22,GF6_B1_D63,GF6_B1_D66,GF6_B1_D87,GF6_B1_D93,GF6_B10_D63,GF6_B2_COLON_D105,GF6_B2_D63,GF6_B2_D87,GF6_B3_COLON_D105,GF6_B3_D63,GF6_B3_D87,GF6_B3_D93,GF6_B4_COLON_D105,GF6_B4_D66,GF6_B4_D87,GF6_B4_D93,GF6_B5_COLON_D105,GF6_B5_D66,GF6_B6_COLON_D105,GF6_B6_D63,GF6_B6_D87,GF6_B6_D93,GF6_B7_COLON_D105,GF6_B7_D63,GF6_B7_D87,GF6_B7_D93,GF6_B8_COLON_D105,GF6_B8_D63,GF6_GFPBS1_COLON,GF6_GFPBS2_COLON,GF6_GFPBS3_COLON,GF6_INOC,GF6_WATER_H11,GF7_A1_COLON_D47,GF7_A3_COLON_D47,GF7_A4_COLON_D47,GF7_A5_COLON_D47,GF7_A6_COLON_D47,GF7_A7_COLON_D47,GF7_ADAM_D0,GF7_ADAM_D5,GF7_ADAM_D78,GF7_ASIRE_D36,GF7_B1_COLON_D47,GF7_B1_D30,GF7_B1_D31,GF7_B1_D32,GF7_B1_D33,GF7_B1_D36,GF7_B2_COLON_D47,GF7_B2_D30,GF7_B2_D34,GF7_B2_D36,GF7_B3_D30,GF7_B3_D31,GF7_B3_D33,GF7_B3_D36,GF7_B4_COLON_D47,GF7_B4_D35,GF7_B4_D36,GF7_B5_COLON_D47,GF7_B5_D30,GF7_B5_D36,GF7_B6_COLON_D47,GF7_B8_COLON_D47,GF7_BDAM_D1,GF7_BDAM_D78,GF7_BSIRE_D12,GF7_BSIRE_D20,GF7_BSIRE_D36,GF7_C1_COLON_D47,GF7_C1_D30,GF7_C1_D34,GF7_C1_D36,GF7_C2_COLON_D47,GF7_C2_D30,GF7_C2_D32,GF7_C2_D33,GF7_C2_D36,GF7_C3_COLON_D47,GF7_C3_D30,GF7_C3_D31,GF7_C3_D33,GF7_C3_D34,GF7_C4_COLON_D47,GF7_C4_D31,GF7_C4_D32,GF7_CONTAMINANT,GF7_INOC,GF7_WATER,GF8_A1_COLON_D46,GF8_A1_D30,GF8_A1_D33,GF8_A1_D35,GF8_A2_COLON_D46,GF8_A2_D30,GF8_A2_D35,GF8_A3_D30,GF8_A4_D30,GF8_A4_D31,GF8_A4_D32,GF8_A4_D33,GF8_A5_D30,GF8_A7_D32,GF8_ADAM_D0,GF8_B1_COLON_D46,GF8_B1_D31,GF8_B1_D32,GF8_B1_D34,GF8_B2_D32,GF8_B3_D46,GF8_B4_COLON_D46,GF8_B4_D30,GF8_B4_D33,GF8_B5_COLON_D46,GF8_B5_D34,GF8_B5_D35,GF8_B6_COLON_D46,GF8_B6_D30,GF8_B6_D33,GF8_B6_D34,GF8_B6_D35,GF8_B7_D33,GF8_C1_COLON_D46,GF8_C1_D31,GF8_C1_D32,GF8_C1_D33,GF8_C1_D34,GF8_C2_COLON_D46,GF8_C2_D30,GF8_C2_D31,GF8_C3_D30,GF8_C4_COLON_D46,GF8_C4_D30,GF8_C4_D35,GF8_C5_COLON_D46,GF8_C5_D30,GF8_C5_D35,GF8_C6_COLON_D46,GF8_C6_D30,GF8_C6_D32,GF8_C6_D34,GF8_C7_COLON_D46,GF8_C7_D30,GF8_C7_D33,GF8_C7_D35,GF8_INOC,GF9_A_DAM_D0,GF9_A1_COLON_D33,GF9_A1_D16,GF9_A1_D19,GF9_A1_D20,GF9_A1_D21,GF9_A2_COLON_D33,GF9_A2_D21,GF9_A3_COLON_D33,GF9_A3_D18,GF9_A3_D19,GF9_A3_D21,GF9_A4_COLON_D33,GF9_A4_D16,GF9_A4_D17,GF9_A4_D18,GF9_A4_D19,GF9_A4_D20,GF9_A5_COLON_D33,GF9_A5_D18,GF9_A5_D19,GF9_A6_COLON_D33,GF9_A6_D16,GF9_A6_D21,GF9_A7_D16,GF9_A7_D20,GF9_C1_COLON_D33,GF9_C1_D16,GF9_C1_D17,GF9_C1_D19,GF9_C1_D21,GF9_C2_COLON_D33,GF9_C2_D16,GF9_C2_D18,GF9_C2_D21,GF9_C3_D16,GF9_C3_D17,GF9_C3_D19,GF9_C3_D20,GF9_C3_D21,GF9_C4_COLON_D33,GF9_C4_D16,GF9_C4_D17,GF9_C4_D19,GF9_C5_COLON_D33,GF9_C5_D17,GF9_C5_D18,GF9_C5_D20,GF9_C5_D21,GF9_C6_COLON_D33,GF9_C6_D16,GF9_C6_D20,GF9_C6_D21,GF9_C7_COLON_D33,GF9_C7_D16,GF9_C7_D17,GF9_INOC,Gn3_6B_dam_210806,Gn3_6B_dam_210818,Gn3_6C_dam,Gn3_6Cdam_Stool_210816,Gn3_6Cdam_Stool_211105-1,Gn3_6Cdam_Stool_211105-2,Gn3_6Cdam_Stool_211105-3,Gn3_6D_dam,Gn3_6Ddam_Stool,Gn3_6E_dam,Gn3_6Edam_Stool,Gn3_6F_dam,Gn3_7A_dam,Gn3_7A_dam_210806,Gn3_7ADam_Stool_210806,Gn3_7Adam_Stool_210823,Gn3_7C_dam,Gn3_7D_dam_210806,Gn3_7D_dam_210818,Gn3_7E_dam,Gn3_7Edam_Stool,Gn3_7F_dam,Gn3_7Fdam_Stool,Gn3_8Ddam_Stool_211105-2,Gn3_A_Innoc,Gn3_A1_Cwash,Gn3_A1_Stool,Gn3_A2_Cwash,Gn3_A3_Cwash,Gn3_A3_Stool_DoL10,Gn3_A3_Stool_DoL11,Gn3_A4_Cwash,Gn3_A5_Cwash,Gn3_A5_Stool_Dol10,Gn3_A5_Stool_dol11,Gn3_A5_Stool_dol12,Gn3_A6_Cwash,Gn3_AB_Innoc,Gn3_AB10_Cwash,Gn3_AB10_Stool,Gn3_AB12_Stool,Gn3_AB6_Cwash,Gn3_AB6_Stool,Gn3_AB7_Cwash,Gn3_AB7_Stool,Gn3_AB8_Cwash,Gn3_AB8_Stool,Gn3_AB9_Stool,Gn3_B_Innoc,Gn3_B1_Stool,Gn3_B10_Cwash,Gn3_B11_Cwash,Gn3_B13_Stool,Gn3_B14_Stool,Gn3_B15_Stool,Gn3_B2_Stool,Gn3_B3_Stool,Gn3_B4_Stool,Gn3_B5_Stool,Gn3_B6_Stool,Gn3_B7_Stool,Gn3_B9_Cwash,Gn3_E1_Cwash,Gn3_E2_Cwash,Gn3_F1_Stool,Gn3_F2_Stool,Gn4_E_Innoc,Gn4_F_Innoc,Gn4_G_Innoc,Gn4_H_Innoc,Gn4_I_Innoc,gnoto1_A_inoc,gnoto1_AM1_d10,gnoto1_AM1_d20_colon,gnoto1_AM2_d10,gnoto1_AM2_d20_colon,gnoto1_AM3_d10,gnoto1_AM3_d20_colon,gnoto1_AM4_d10,gnoto1_AM4_d20_colon,gnoto1_AP1_d10,gnoto1_AP1_d19_colon,gnoto1_AP2_d10,gnoto1_AP2_d19_colon,gnoto1_AP3_d10,gnoto1_AP3_d20_colon,gnoto1_AP4_d10,gnoto1_AP4_d20_colon,gnoto1_B_inoc,gnoto1_BA1_d10,gnoto1_BA1_d20_colon,gnoto1_BA2_d10,gnoto1_BA2_d20_colon,gnoto1_BA3_d10,gnoto1_BA3_d20_colon,gnoto1_BA4_d10,gnoto1_BA4_d20_colon,gnoto1_BM1_d10,gnoto1_BM1_d20_colon,gnoto1_BM2_d10,gnoto1_BM2_d20_colon,gnoto1_BM3_d10,gnoto1_BM3_d20_colon,gnoto1_BM4_d10,gnoto1_BM4_d20_colon,gnoto1_BM5_d10,gnoto1_BM5_d20_colon,gnoto1_BP1_d10,gnoto1_BP1_d20_colon,gnoto1_BP2_d10,gnoto1_BP2_d20_colon,gnoto1_BP3_d10,gnoto1_BP3_d20_colon,gnoto1_BP4_d10,gnoto1_BP4_d20_colon,gnoto2_BA1_d10,gnoto2_BA1_d20_colon,gnoto2_BA2_d10,gnoto2_BA2_d20_colon,gnoto2_BA3_d10,gnoto2_BA3_d20_colon,gnoto2_BA4_d10,gnoto2_BA5_d10,gnoto2_BA5_d20_colon,gnoto2_BA6_d20_colon,gnoto2_BA7_d20_colon,gnoto2_BM1_d10,gnoto2_BM1_d20_colon,gnoto2_BM2_d10,gnoto2_BM2_d20_colon,gnoto2_BM3_d10,gnoto2_BM3_d20_colon,gnoto2_BM4_d10,gnoto2_BM4_d20_colon,gnoto2_BM5_d10,gnoto2_BM5_d20_colon,gnoto2_BM6_d10,gnoto2_BM6_d20_colon,gnoto2_BM7_d10,gnoto2_BM7_d20_colon,gnoto2_BP1_d10,gnoto2_BP1_d20_colon,gnoto2_BP2_d10,gnoto2_BP2_d20_colon,gnoto2_BP3_d10,gnoto2_BP4_d10,gnoto2_BP4_d20_colon,gnoto2_BP5_d10,gnoto2_BP5_d20_colon,gnoto2_BP6_d10,gnoto2_BP6_d20_colon,gnoto2_INOC_microA,gnoto2_INOC_microB,GF2_A_dam_d33,GF2_A_dam_day19,GF2_A_dam_day29,GF2_A_day1_dad,GF2_A_day1_mom,GF2_A1_d37,GF2_A1_d39,GF2_A1_day28,GF2_A1_day29,GF2_A1_day30,GF2_A1_day31,GF2_A1_day32,GF2_A1_day41,GF2_A1_day42,GF2_A1_day44,GF2_A2_Colon,GF2_A2_d36,GF2_A2_D37,GF2_A2_d39,GF2_A2_day28,GF2_A2_day29,GF2_A2_day30,GF2_A2_day31,GF2_A2_day32,GF2_A2_day34,GF2_A2_day41,GF2_A2_day42,GF2_A2_day44,GF2_A25_N713,GF2_A3_Colon,GF2_A3_d37,GF2_A3_d39,GF2_A3_day28,GF2_A3_day30,GF2_A3_day32,GF2_A3_day41,GF2_A3_day42,GF2_A4_Colon,GF2_A4_d36,GF2_A4_d37,GF2_A4_D39,GF2_A4_day28,GF2_A4_day29,GF2_A4_day30,GF2_A4_day31,GF2_A4_day32,GF2_A4_day41,GF2_A4_day42,GF2_A4_day44,GF2_A5_Colon,GF2_A5_d39,GF2_A5_day28,GF2_A5_day31,GF2_A5_day32,GF2_A5_day42,GF2_A6_Colon,GF2_A6_d33,GF2_A6_d36,GF2_A6_d37,GF2_A6_D39,GF2_A6_day28,GF2_A6_day29,GF2_A6_day30,GF2_A6_day31,GF2_A6_day32,GF2_A6_day44,GF2_B_dam_d33,GF2_B_dam_day19,GF2_B_dam_day37,GF2_B_day1_dad,GF2_B_day1_mom,GF2_B_Sire_day23,GF2_B1_d34,GF2_B1_d35,GF2_B1_day29,GF2_B1_day32,GF2_B1_day37,GF2_B1_day41,GF2_B1_day44,GF2_B2_d35,GF2_B2_day27,GF2_B2_day28,GF2_B2_day29,GF2_B2_day30,GF2_B2_day31,GF2_B2_day37,GF2_B2_day41,GF2_B2_day44,GF2_B3_d35,GF2_B3_day27,GF2_B3_day28,GF2_B3_day31,GF2_B3_day37,GF2_B3_day41,GF2_B3_day44,GF2_B4_d35,GF2_B4_day27,GF2_B4_day28,GF2_B4_day29,GF2_B4_day32,GF2_B4_day37,GF2_B4_day41,GF2_B5_d34,GF2_B5_d35,GF2_B5_day27,GF2_B5_day28,GF2_B5_day29,GF2_B5_day30,GF2_B5_day31,GF2_B5_day37,GF2_B5_day41,GF2_colon_A1_day45,GF2_colon_B1_day44,GF2_colon_B2_day44,GF2_colon_B3_day44,GF2_colon_B5_day44,GF2_Inoc,GF3_AB_Sire_day4,GF3_B_Sire_day19,GF3_B_Sire_day30,GF3_C_dam_day19,GF3_C_dam_day4,GF3_C_Sire_day19,GF3_C_Sire_day30,GF3_C_Sire_day4,GF3_C1_day30,GF3_C1_day32,GF3_C1_day34,GF3_C2_day30,GF3_C2_day32,GF3_C2_day35,GF3_C2_day38,GF3_C2_day39,GF3_C2_day40,GF3_C2_day41,GF3_C2_day42,GF3_C2_day45,GF3_C3_day30,GF3_C3_day32,GF3_C3_day34,GF3_C3_day35,GF3_C3_day39,GF3_C3_day40,GF3_C3_day41,GF3_C3_day42,GF3_C3_day45,GF3_C4_day30,GF3_C4_day32,GF3_C4_day34,GF3_C4_day38,GF3_C4_day39,GF3_C4_day40,GF3_C4_day41,GF3_C4_day42,GF3_C4_day45,GF3_C5_day30,GF3_C5_day39,GF3_C5_day41,GF3_C5_day42,GF3_C5_day45,GF3_C6_day30,GF3_C6_day35,GF3_C6_day38,GF3_C6_day39,GF3_C6_day41,GF3_C6_day42,GF3_C6_day45,GF3_C7_day40,GF3_C7_day41,GF3_C7_day42,GF3_C7_day45,GF3_C8_day30,GF3_C8_day32,GF3_C8_day34,GF3_C8_day39,GF3_C8_day40,GF3_C8_day41,GF3_C8_day42,GF3_C8_day45,GF3_C9_day30,GF3_C9_day32,GF3_C9_day34,GF3_C9_day38,GF3_C9_day39,GF3_C9_day40,GF3_C9_day41,GF3_C9_day42,GF3_C9_day45,GF3_inoc,GF26_A10_d63_stool,GF26_A1_d31_Cwash,GF26_A1_d64_stool,GF26_A2_d31_Cwash,GF26_A3_d31_Cwash,GF26_A3_d63_stool,GF26_A4_d63_stool,GF26_A6_d63_stool,GF26_A6_d64_stool,GF26_A7_d63_stool,GF26_A8_d63_stool,GF26_A8_d64a_stool,GF26_A8_d64b_stool,GF26_A9_d64_stool,GF26_DamA_d49_stool,GF26_DamA_d56_stool,GF26_DamB_d0_stool,GF26_DamB_d35_stool,GF26_DamB_d42_stool,GF26_DamC_d0_stool,GF26_Inoc,GF28_A1_d74_stool,GF28_A1_d76_Cwash,GF28_A2_d38_stool,GF28_A2_d39_stool,GF28_A2_d41_Cwash,GF28_A2_d75_stool,GF28_A2_d76_Cwash,GF28_A3_d38_stool,GF28_A3_d74_stool,GF28_A3_d76_Cwash,GF28_A4_d41_Cwash,GF28_A4_d76_Cwash,GF28_A5_d73_stool,GF28_A5_d76_Cwash,GF28_A6_d74_stool,GF28_A6_d76_Cwash,GF28_AC1_d73_Cwash,GF28_AC2_d73_Cwash,GF28_AC3_d73_Cwash,GF28_AC4_d73_Cwash,GF28_AC5_d73_Cwash,GF28_B1_d30_Cwash,GF28_B1_d68_Cwash,GF28_B2_d30_Cwash,GF28_B2_d65_stool,GF28_B2_d67_stool,GF28_B3_d30_Cwash,GF28_B3_d67_stool,GF28_B4_d30_Cwash,GF28_B4_d67_stool,GF28_B6_d66_stool,GF28_Bdam_d20_stool,GF28_Bdam_d43_stool,GF28_Bdam_d49_stool,GF28_Bdam_d56_stool,GF28_Bdam_d63_stool,GF28_C1_d40_stool,GF28_C1_d73_stool,GF28_C1_d76_Cwash,GF28_C2_d38_stool,GF28_C2_d39_stool,GF28_C2_d41_Cwash,GF28_C2_d75_stool,GF28_C3_d41_Cwash,GF28_C5_d73_stool,GF28_DamA_d14_stool,GF28_DamB_d0,GF28_DamB_d28_stool,GF28_DamB_d7_stool,GF28_DamC_d14_stool,GF28_DamC_d24_stool,GF28_Inoc,GF29_A2_d38_stool,GF29_A2_d39_stool,GF29_A3_d38_stool,GF29_A3_d39_stool,GF29_B4_d61_Cwash,GF29_B5_d58_stool,GF29_B5_d61_Cwash,GF29_B6_d61_Cwash,GF29_Bdam_d28_stool,GF29_Bdam_d43_stool,GF29_Bdam_d49_stool,GF29_Bdam_d56_stool,GF29_C1_d34_Cwash,GF29_C2_d34_Cwash,GF29_C2_d58_stool,GF29_C3_d34_Cwash,GF29_C4_d34_Cwash,GF29_C4_d61_Cwash,GF29_C5_d34_Cwash,GF29_C5_d61_Cwash,GF29_C6_d34_Cwash,GF29_C7_d34_Cwash,GF29_dam_d0_stool,GF29_dam_d21_stool,GF29_dam_d7_stool,GF29_sire_d14_stool,Gn3_210920_Abv6_stool,Gn3_210923_ABv5_cwash,Gn3_210923_ABv4_cwash,Gn3_210920_Abv3_stool,Gn3_210923_ABv1_cwash,Gn3_210923_ABv3_cwash,Gn3_210920_Abv1_stool,Gn3_210920_Abv4_stool,Gn3_210923_ABv2_cwash,Gn3_210920_Abv5_stool,Gn3_210920_Abv7_stool,Gn3_210920_Abv2_stool
2026-02-11 13:59:45.06 INFO::The following samples were found to have metadata but no features (or feature specific covariates if applicable). They will be removed. GF4_B3_d38,GF5_A1_COLON_190628
2026-02-11 13:59:45.06 DEBUG::Reordering data/metadata to use same sample ordering
2026-02-11 13:59:45.06 INFO::Running selected normalization method: TSS
2026-02-11 13:59:45.06 INFO::Writing normalized data to file metadataBduringafterALLtreat/features/data_norm.tsv
2026-02-11 13:59:45.07 INFO::Filter data based on min abundance, min prevalence, and max prevalence
2026-02-11 13:59:45.07 INFO::Total samples in data: 143
2026-02-11 13:59:45.07 INFO::Min samples required with min abundance for a feature not to be filtered: 0.000000
2026-02-11 13:59:45.07 INFO::Max samples allowed with min abundance for a feature not to be filtered: 144.430000
2026-02-11 13:59:45.07 INFO::Total filtered features: 41
2026-02-11 13:59:45.07 INFO::Filtered feature names from abundance, min prevalence, and max prevalence filtering: Achromobacter, Pedobacter, Delftia, Paenibacillus, Acinetobacter, Campylobacter, Gemella, Bacteroides, Akkermansia, Lactobacillus, Blautia, Lachnoclostridium, Parasutterella, Proteobacteria_unclassified, Turicimonas, Streptococcus, Staphylococcus, Sphingomonas, Anaerococcus, Negativicoccus, Corynebacterium, Dermabacter, Aeriscardovia, Mycobacteroides, Lachnospiraceae_unclassified, Acutalibacter, Anaerotruncus, Dorea, Enterorhabdus, Oscillibacter, Ruthenibacterium, Enterobacter, Serratia, Leclercia, Dysgonomonas, Collinsella, Gleimia, Fusobacterium, GGB9832, Bacillus, Burkholderia
2026-02-11 13:59:45.07 INFO::Total features filtered by non-zero variance filtering: 3
2026-02-11 13:59:45.07 INFO::Filtered feature names from variance filtering: Peptoniphilus, Actinomyces, Pseudomonas
2026-02-11 13:59:45.07 INFO::Writing filtered data to file metadataBduringafterALLtreat/features/filtered_data.tsv
2026-02-11 13:59:45.08 INFO::Running selected transform method: LOG
2026-02-11 13:59:45.08 INFO::Writing normalized, filtered, transformed data to file metadataBduringafterALLtreat/features/data_transformed.tsv
2026-02-11 13:59:45.08 INFO::Applying z-score to standardize continuous metadata
2026-02-11 13:59:45.08 INFO::Running the linear model component
2026-02-11 13:59:45.08 DEBUG::Object: augment, Size: 56
2026-02-11 13:59:45.08 DEBUG::Object: cluster, Size: 0
2026-02-11 13:59:45.08 DEBUG::Object: cores, Size: 56
2026-02-11 13:59:45.08 DEBUG::Object: correction, Size: 112
2026-02-11 13:59:45.08 DEBUG::Object: extract_out, Size: 1136
2026-02-11 13:59:45.09 DEBUG::Object: feature_specific_covariate, Size: 0
2026-02-11 13:59:45.09 DEBUG::Object: feature_specific_covariate_name, Size: 0
2026-02-11 13:59:45.09 DEBUG::Object: feature_specific_covariate_record, Size: 0
2026-02-11 13:59:45.09 DEBUG::Object: features, Size: 29096
2026-02-11 13:59:45.09 DEBUG::Object: formula, Size: 728
2026-02-11 13:59:45.09 DEBUG::Object: fun_list, Size: 58768
2026-02-11 13:59:45.09 DEBUG::Object: func_to_run, Size: 435336
2026-02-11 13:59:45.09 DEBUG::Object: groups, Size: 48
2026-02-11 13:59:45.09 DEBUG::Object: median_comparison, Size: 56
2026-02-11 13:59:45.09 DEBUG::Object: median_comparison_threshold, Size: 56
2026-02-11 13:59:45.09 DEBUG::Object: metadata, Size: 116288
2026-02-11 13:59:45.09 DEBUG::Object: model, Size: 112
2026-02-11 13:59:45.09 DEBUG::Object: model_function, Size: 8864
2026-02-11 13:59:45.09 DEBUG::Object: ordereds, Size: 48
2026-02-11 13:59:45.09 DEBUG::Object: random_effects_formula, Size: 0
2026-02-11 13:59:45.09 DEBUG::Object: ranef_function, Size: 0
2026-02-11 13:59:45.09 DEBUG::Object: save_models, Size: 56
2026-02-11 13:59:45.09 DEBUG::Object: small_random_effects, Size: 56
2026-02-11 13:59:45.09 DEBUG::Object: strata, Size: 48
2026-02-11 13:59:45.09 DEBUG::Object: subtract_median, Size: 56
2026-02-11 13:59:45.09 DEBUG::Object: summary_function, Size: 49424
2026-02-11 13:59:45.09 DEBUG::Object: func_to_run, Size: 435336
2026-02-11 13:59:45.09 INFO::Fitting model to feature number 1, Klebsiella
2026-02-11 13:59:45.09 INFO::Fitting model to feature number 2, Escherichia
2026-02-11 13:59:45.09 INFO::Fitting model to feature number 3, Enterococcus
2026-02-11 13:59:45.10 INFO::Fitting model to feature number 4, Clostridium
2026-02-11 13:59:45.10 INFO::Fitting model to feature number 5, Erysipelatoclostridium
2026-02-11 13:59:45.10 INFO::Fitting model to feature number 6, Clostridioides
2026-02-11 13:59:45.10 INFO::Fitting model to feature number 7, Veillonella
2026-02-11 13:59:45.10 INFO::Fitting model to feature number 8, Proteus
2026-02-11 13:59:45.10 INFO::Fitting model to feature number 9, Citrobacter
2026-02-11 13:59:45.11 INFO::Fitting model to feature number 10, Varibaculum
2026-02-11 13:59:45.11 INFO::Fitting model to feature number 11, Finegoldia
2026-02-11 13:59:45.11 INFO::Fitting model to feature number 12, Bifidobacterium
2026-02-11 13:59:45.12 INFO::Fitting model to feature number 13, Morganella
2026-02-11 13:59:45.12 INFO::Fitting model to feature number 14, Cutibacterium
2026-02-11 13:59:45.12 INFO::Performing tests against medians
2026-02-11 13:59:45.28 INFO::Counting total values for each feature
2026-02-11 13:59:45.28 INFO::Running the logistic model component
2026-02-11 13:59:45.29 DEBUG::Object: augment, Size: 56
2026-02-11 13:59:45.29 DEBUG::Object: cluster, Size: 0
2026-02-11 13:59:45.29 DEBUG::Object: cores, Size: 56
2026-02-11 13:59:45.29 DEBUG::Object: correction, Size: 112
2026-02-11 13:59:45.29 DEBUG::Object: extract_out, Size: 1136
2026-02-11 13:59:45.29 DEBUG::Object: feature_specific_covariate, Size: 0
2026-02-11 13:59:45.29 DEBUG::Object: feature_specific_covariate_name, Size: 0
2026-02-11 13:59:45.29 DEBUG::Object: feature_specific_covariate_record, Size: 0
2026-02-11 13:59:45.29 DEBUG::Object: features, Size: 28184
2026-02-11 13:59:45.29 DEBUG::Object: formula, Size: 728
2026-02-11 13:59:45.29 DEBUG::Object: fun_list, Size: 70920
2026-02-11 13:59:45.29 DEBUG::Object: func_to_run, Size: 435336
2026-02-11 13:59:45.29 DEBUG::Object: groups, Size: 48
2026-02-11 13:59:45.29 DEBUG::Object: median_comparison, Size: 56
2026-02-11 13:59:45.29 DEBUG::Object: median_comparison_threshold, Size: 56
2026-02-11 13:59:45.29 DEBUG::Object: metadata, Size: 116288
2026-02-11 13:59:45.29 DEBUG::Object: model, Size: 120
2026-02-11 13:59:45.29 DEBUG::Object: model_function, Size: 21016
2026-02-11 13:59:45.29 DEBUG::Object: ordereds, Size: 48
2026-02-11 13:59:45.29 DEBUG::Object: random_effects_formula, Size: 0
2026-02-11 13:59:45.29 DEBUG::Object: ranef_function, Size: 0
2026-02-11 13:59:45.29 DEBUG::Object: save_models, Size: 56
2026-02-11 13:59:45.29 DEBUG::Object: small_random_effects, Size: 56
2026-02-11 13:59:45.29 DEBUG::Object: strata, Size: 48
2026-02-11 13:59:45.29 DEBUG::Object: subtract_median, Size: 56
2026-02-11 13:59:45.29 DEBUG::Object: summary_function, Size: 49424
2026-02-11 13:59:45.29 DEBUG::Object: func_to_run, Size: 435336
2026-02-11 13:59:45.29 INFO::Fitting model to feature number 1, Klebsiella
2026-02-11 13:59:45.30 INFO::Fitting model to feature number 2, Escherichia
2026-02-11 13:59:45.30 INFO::Fitting model to feature number 3, Enterococcus
2026-02-11 13:59:45.30 INFO::Fitting model to feature number 4, Clostridium
2026-02-11 13:59:45.31 INFO::Fitting model to feature number 5, Erysipelatoclostridium
2026-02-11 13:59:45.31 INFO::Fitting model to feature number 6, Clostridioides
2026-02-11 13:59:45.31 INFO::Fitting model to feature number 7, Veillonella
2026-02-11 13:59:45.33 INFO::Fitting model to feature number 8, Proteus
2026-02-11 13:59:45.33 INFO::Fitting model to feature number 9, Citrobacter
2026-02-11 13:59:45.34 INFO::Fitting model to feature number 10, Varibaculum
2026-02-11 13:59:45.34 INFO::Fitting model to feature number 11, Finegoldia
2026-02-11 13:59:45.34 INFO::Fitting model to feature number 12, Bifidobacterium
2026-02-11 13:59:45.35 INFO::Fitting model to feature number 13, Morganella
2026-02-11 13:59:45.35 INFO::Fitting model to feature number 14, Cutibacterium
2026-02-11 13:59:45.36 INFO::Counting total values for each feature
2026-02-11 13:59:45.36 INFO::Re-running abundances for warn_prevalence
2026-02-11 13:59:45.36 INFO::Running selected normalization method: TSS
2026-02-11 13:59:45.36 INFO::Running selected transform method: LOG
2026-02-11 13:59:45.36 DEBUG::Object: augment, Size: 56
2026-02-11 13:59:45.36 DEBUG::Object: cluster, Size: 0
2026-02-11 13:59:45.36 DEBUG::Object: cores, Size: 56
2026-02-11 13:59:45.36 DEBUG::Object: correction, Size: 112
2026-02-11 13:59:45.36 DEBUG::Object: extract_out, Size: 1136
2026-02-11 13:59:45.36 DEBUG::Object: feature_specific_covariate, Size: 0
2026-02-11 13:59:45.36 DEBUG::Object: feature_specific_covariate_name, Size: 0
2026-02-11 13:59:45.36 DEBUG::Object: feature_specific_covariate_record, Size: 0
2026-02-11 13:59:45.36 DEBUG::Object: features, Size: 29096
2026-02-11 13:59:45.36 DEBUG::Object: formula, Size: 728
2026-02-11 13:59:45.36 DEBUG::Object: fun_list, Size: 58768
2026-02-11 13:59:45.36 DEBUG::Object: func_to_run, Size: 435336
2026-02-11 13:59:45.36 DEBUG::Object: groups, Size: 48
2026-02-11 13:59:45.36 DEBUG::Object: median_comparison, Size: 56
2026-02-11 13:59:45.36 DEBUG::Object: median_comparison_threshold, Size: 56
2026-02-11 13:59:45.36 DEBUG::Object: metadata, Size: 116288
2026-02-11 13:59:45.37 DEBUG::Object: model, Size: 112
2026-02-11 13:59:45.37 DEBUG::Object: model_function, Size: 8864
2026-02-11 13:59:45.37 DEBUG::Object: ordereds, Size: 48
2026-02-11 13:59:45.37 DEBUG::Object: random_effects_formula, Size: 0
2026-02-11 13:59:45.37 DEBUG::Object: ranef_function, Size: 0
2026-02-11 13:59:45.37 DEBUG::Object: save_models, Size: 56
2026-02-11 13:59:45.37 DEBUG::Object: small_random_effects, Size: 56
2026-02-11 13:59:45.37 DEBUG::Object: strata, Size: 48
2026-02-11 13:59:45.37 DEBUG::Object: subtract_median, Size: 56
2026-02-11 13:59:45.37 DEBUG::Object: summary_function, Size: 49424
2026-02-11 13:59:45.37 DEBUG::Object: func_to_run, Size: 435336
2026-02-11 13:59:45.37 INFO::Fitting model to feature number 1, Klebsiella
2026-02-11 13:59:45.37 INFO::Fitting model to feature number 2, Escherichia
2026-02-11 13:59:45.37 INFO::Fitting model to feature number 3, Enterococcus
2026-02-11 13:59:45.37 INFO::Fitting model to feature number 4, Clostridium
2026-02-11 13:59:45.37 INFO::Fitting model to feature number 5, Erysipelatoclostridium
2026-02-11 13:59:45.38 INFO::Fitting model to feature number 6, Clostridioides
2026-02-11 13:59:45.38 INFO::Fitting model to feature number 7, Veillonella
2026-02-11 13:59:45.39 INFO::Fitting model to feature number 8, Proteus
2026-02-11 13:59:46.35 INFO::Fitting model to feature number 9, Citrobacter
2026-02-11 13:59:46.35 INFO::Fitting model to feature number 10, Varibaculum
2026-02-11 13:59:46.36 INFO::Fitting model to feature number 11, Finegoldia
2026-02-11 13:59:46.36 INFO::Fitting model to feature number 12, Bifidobacterium
2026-02-11 13:59:46.36 INFO::Fitting model to feature number 13, Morganella
2026-02-11 13:59:46.37 INFO::Fitting model to feature number 14, Cutibacterium
2026-02-11 13:59:46.38 WARNING::Deleting existing residuals file: metadataBduringafterALLtreat/fits/residuals_linear.rds
2026-02-11 13:59:46.38 INFO::Writing residuals to file metadataBduringafterALLtreat/fits/residuals_linear.rds
2026-02-11 13:59:46.39 WARNING::Deleting existing fitted file: metadataBduringafterALLtreat/fits/fitted_linear.rds
2026-02-11 13:59:46.39 INFO::Writing fitted values to file metadataBduringafterALLtreat/fits/fitted_linear.rds
2026-02-11 13:59:46.39 WARNING::Deleting existing residuals file: metadataBduringafterALLtreat/fits/residuals_logistic.rds
2026-02-11 13:59:46.39 INFO::Writing residuals to file metadataBduringafterALLtreat/fits/residuals_logistic.rds
2026-02-11 13:59:46.39 WARNING::Deleting existing fitted file: metadataBduringafterALLtreat/fits/fitted_logistic.rds
2026-02-11 13:59:46.39 INFO::Writing fitted values to file metadataBduringafterALLtreat/fits/fitted_logistic.rds
2026-02-11 13:59:46.39 INFO::Writing all the results to file (ordered 
            by increasing individual q-values): metadataBduringafterALLtreat/all_results.tsv
2026-02-11 13:59:46.39 INFO::Writing the significant results without errors (those which have joint q-values less than or equal to the threshold of 0.100000 ) to file (ordered by increasing individual q-values): metadataBduringafterALLtreat/significant_results.tsv
2026-02-11 13:59:46.39 INFO::Writing summary plot of significant
                        results to file: metadataBduringafterALLtreat/figures/summary_plot.pdf
2026-02-11 13:59:47.20 INFO::Writing association plots (one for each significant association) to output folder: metadataBduringafterALLtreat/figures
2026-02-11 13:59:47.20 INFO::Plotting associations from most to least significant, grouped by metadata
2026-02-11 13:59:47.20 INFO::Creating box plot for categorical data (linear), 
                        Survived vs Enterococcus
